absent	arg0=value	kind=""	kindVar=""	ref=-
board.layer	arg0=net	kind="net"	kindVar=""	ref=-
board.layer	arg1=layer	kind=""	kindVar=""	ref=-
board.track_width	arg0=net	kind="net"	kindVar=""	ref=-
board.track_width	arg1=mm	kind=""	kindVar=""	ref=-
board.via_drill	arg0=net	kind="net"	kindVar=""	ref=-
board.via_drill	arg1=mm	kind=""	kindVar=""	ref=-
bus	arg0=label	kind=""	kindVar=""	ref=-
bus	arg1=kind	kind=""	kindVar=""	ref=-
component-on-net	arg0=ref_des	kind="component"	kindVar=""	ref=-
component-on-net	arg1=net	kind="net"	kindVar=""	ref=-
component.attr	arg0=ref_des	kind="component"	kindVar=""	ref=-
component.attr	arg1=key	kind=""	kindVar=""	ref=-
component.attr	arg2=value	kind=""	kindVar=""	ref=-
component.class	arg0=ref_des	kind="component"	kindVar=""	ref=-
component.class	arg1=class	kind=""	kindVar=""	ref=-
component.device_class	arg0=ref_des	kind="component"	kindVar=""	ref=-
component.device_class	arg1=class	kind=""	kindVar=""	ref=-
component.esd_rated	arg0=ref_des	kind="component"	kindVar=""	ref=-
component.mpn	arg0=ref_des	kind="component"	kindVar=""	ref=-
component.mpn	arg1=mpn	kind=""	kindVar=""	ref=-
contains	arg0=string	kind=""	kindVar=""	ref=-
contains	arg1=substring	kind=""	kindVar=""	ref=-
entity	arg0=name	kind=""	kindVar="a1"	ref=-
entity	arg1=kind	kind=""	kindVar=""	ref=-
external_signal_net	arg0=net	kind="net"	kindVar=""	ref=-
feedback	arg0=net	kind="net"	kindVar=""	ref=-
glob	arg0=string	kind=""	kindVar=""	ref=-
glob	arg1=pattern	kind=""	kindVar=""	ref=-
has_nc_channel	arg0=present	kind=""	kindVar=""	ref=-
has_netclass	arg0=present	kind=""	kindVar=""	ref=-
has_netclass_defs	arg0=present	kind=""	kindVar=""	ref=-
match	arg0=string	kind=""	kindVar=""	ref=-
match	arg1=regex	kind=""	kindVar=""	ref=-
net.ac_coupled	arg0=net	kind="net"	kindVar=""	ref=-
net.bias	arg0=net	kind="net"	kindVar=""	ref=-
net.bias	arg1=level	kind=""	kindVar=""	ref=-
net.bus_like	arg0=net	kind="net"	kindVar=""	ref=-
net.declared_track_width	arg0=net	kind="net"	kindVar=""	ref=-
net.declared_track_width	arg1=mm	kind=""	kindVar=""	ref=-
net.declared_via_drill	arg0=net	kind="net"	kindVar=""	ref=-
net.declared_via_drill	arg1=mm	kind=""	kindVar=""	ref=-
net.external	arg0=net	kind="net"	kindVar=""	ref=-
net.ground	arg0=net	kind="net"	kindVar=""	ref=-
net.max_voltage	arg0=net	kind="net"	kindVar=""	ref=-
net.max_voltage	arg1=volts	kind=""	kindVar=""	ref=-
net.netclass	arg0=net	kind="net"	kindVar=""	ref=-
net.netclass	arg1=class	kind=""	kindVar=""	ref=-
net.nominal_voltage	arg0=net	kind="net"	kindVar=""	ref=-
net.nominal_voltage	arg1=volts	kind=""	kindVar=""	ref=-
net.pin_count	arg0=net	kind="net"	kindVar=""	ref=-
net.pin_count	arg1=count	kind=""	kindVar=""	ref=-
net.signal_level	arg0=net	kind="net"	kindVar=""	ref=-
net.signal_level	arg1=volts	kind=""	kindVar=""	ref=-
netclass.clearance	arg0=class	kind=""	kindVar=""	ref=-
netclass.clearance	arg1=mm	kind=""	kindVar=""	ref=-
netclass.track_width	arg0=class	kind=""	kindVar=""	ref=-
netclass.track_width	arg1=mm	kind=""	kindVar=""	ref=-
netclass.via_diameter	arg0=class	kind=""	kindVar=""	ref=-
netclass.via_diameter	arg1=mm	kind=""	kindVar=""	ref=-
netclass.via_drill	arg0=class	kind=""	kindVar=""	ref=-
netclass.via_drill	arg1=mm	kind=""	kindVar=""	ref=-
param	arg0=mpn	kind=""	kindVar=""	ref=-
param	arg1=symbol	kind=""	kindVar=""	ref=-
param	arg2=max	kind=""	kindVar=""	ref=-
param.pin	arg0=mpn	kind=""	kindVar=""	ref=-
param.pin	arg1=pin	kind=""	kindVar=""	ref=-
param.pin	arg2=name	kind=""	kindVar=""	ref=-
param.pin	arg3=function	kind=""	kindVar=""	ref=-
param.pin_range	arg0=mpn	kind=""	kindVar=""	ref=-
param.pin_range	arg1=pin	kind=""	kindVar=""	ref=-
param.pin_range	arg2=symbol	kind=""	kindVar=""	ref=-
param.pin_range	arg3=kind	kind=""	kindVar=""	ref=-
param.pin_range	arg4=min	kind=""	kindVar=""	ref=-
param.pin_range	arg5=max	kind=""	kindVar=""	ref=-
param.pin_relation	arg0=mpn	kind=""	kindVar=""	ref=-
param.pin_relation	arg1=subject_pin	kind=""	kindVar=""	ref=-
param.pin_relation	arg2=reference_pin	kind=""	kindVar=""	ref=-
param.pin_relation	arg3=modality	kind=""	kindVar=""	ref=-
param.pin_relation	arg4=min	kind=""	kindVar=""	ref=-
param.pin_relation	arg5=max	kind=""	kindVar=""	ref=-
param.prov	arg0=mpn	kind=""	kindVar=""	ref=-
param.prov	arg1=symbol	kind=""	kindVar=""	ref=-
param.prov	arg2=doc	kind=""	kindVar=""	ref=-
param.prov	arg3=page	kind=""	kindVar=""	ref=-
param.prov	arg4=section	kind=""	kindVar=""	ref=-
param.range	arg0=mpn	kind=""	kindVar=""	ref=-
param.range	arg1=symbol	kind=""	kindVar=""	ref=-
param.range	arg2=kind	kind=""	kindVar=""	ref=-
param.range	arg3=min	kind=""	kindVar=""	ref=-
param.range	arg4=max	kind=""	kindVar=""	ref=-
param.typ	arg0=mpn	kind=""	kindVar=""	ref=-
param.typ	arg1=symbol	kind=""	kindVar=""	ref=-
param.typ	arg2=typ	kind=""	kindVar=""	ref=-
param.unit	arg0=mpn	kind=""	kindVar=""	ref=-
param.unit	arg1=symbol	kind=""	kindVar=""	ref=-
param.unit	arg2=unit	kind=""	kindVar=""	ref=-
part.audience	arg0=mpn	kind=""	kindVar=""	ref=-
part.audience	arg1=who	kind=""	kindVar=""	ref=-
pin	arg0=ref_des	kind="component"	kindVar=""	ref=-
pin	arg1=pin	kind="pin"	kindVar=""	ref=?a0
pin.net	arg0=ref_des	kind="component"	kindVar=""	ref=-
pin.net	arg1=pin	kind="pin"	kindVar=""	ref=?a0
pin.net	arg2=net	kind="net"	kindVar=""	ref=-
pin.role	arg0=ref_des	kind="component"	kindVar=""	ref=-
pin.role	arg1=pin	kind="pin"	kindVar=""	ref=?a0
pin.role	arg2=role	kind=""	kindVar=""	ref=-
pin.type	arg0=ref_des	kind="component"	kindVar=""	ref=-
pin.type	arg1=pin	kind="pin"	kindVar=""	ref=?a0
pin.type	arg2=etype	kind=""	kindVar=""	ref=-
pin_net_conflict	arg0=ref_des	kind="component"	kindVar=""	ref=-
pin_net_conflict	arg1=pin	kind="pin"	kindVar=""	ref=?a0
pin_net_conflict	arg2=net	kind="net"	kindVar=""	ref=-
prefix	arg0=string	kind=""	kindVar=""	ref=-
prefix	arg1=prefix	kind=""	kindVar=""	ref=-
rail	arg0=net	kind="net"	kindVar=""	ref=-
reaches	arg0=from	kind="net"	kindVar=""	ref=-
reaches	arg1=net	kind="net"	kindVar=""	ref=-
reaches	arg2=hops?	kind=""	kindVar=""	ref=-
ref_des_collision	arg0=ref_des	kind="component"	kindVar=""	ref=-
suffix	arg0=string	kind=""	kindVar=""	ref=-
suffix	arg1=suffix	kind=""	kindVar=""	ref=-
types_power_out	arg0=present	kind=""	kindVar=""	ref=-
unresolved_symbol	arg0=ref_des	kind="component"	kindVar=""	ref=-
unresolved_symbol	arg1=symref	kind=""	kindVar=""	ref=-
