# Where our KiCad read still disagrees with KiCad, board by board, one line per net.
#
# This file is DATA, not a target. Every line is a defect: a net KiCad resolves that we split, or
# one we join that KiCad keeps apart. It is committed so the set is visible and so a change has to
# say which way it moved, rather than asserting a clean read nobody has yet earned. A fix removes
# lines. A regression adds them.
#
# Regenerate with:  AGNI_ORACLE_UPDATE=1 make oracle
# Never hand-edit: the whole point is that KiCad chose these, not us.
#
# Known families still open, as of the agni issue 561 fix:
#   - group buses (`CAM0{CSI}` with bus_alias members), which cross a sheet boundary the same way a
#     vector does and are not yet followed. Most of the jetson lines.
#   - sliced bus prefixes, where a parent cuts PP_OUT[0..31] into PP_OUT[0..7], PP_OUT[8..15], ...
#     and hands each to one instance of a child sheet. KiCad maps those by bit position.
#   - a pin-number swap on some symbols, which is why boards whose net COUNTS match exactly can
#     still disagree about which pins are on which net.

## jetson-agx-thor-baseboard
we MERGE into one net "N$154" (pins [U30.15 U30.19 U30.58 U30.8]) -> [unconnected-(U30B-DRAIN1-Pad15)_2 unconnected-(U30B-DRAIN1-Pad15)_3 unconnected-(U30B-DRAIN1-Pad15)_8 unconnected-(U30B-DRAIN1-Pad15)_9]
we MERGE into one net "N$157" (pins [U65.10 U65.11 U65.28]) -> [unconnected-(U65-GL-Pad10) unconnected-(U65-GL-Pad10)_1 unconnected-(U65-GL-Pad10)_2]
we MERGE into one net "N$158" (pins [U75.10 U75.11 U75.28]) -> [unconnected-(U75-GL-Pad10) unconnected-(U75-GL-Pad10)_1 unconnected-(U75-GL-Pad10)_2]
we MERGE into one net "N$159" (pins [U12.10 U12.11 U12.28]) -> [unconnected-(U12-GL-Pad10) unconnected-(U12-GL-Pad10)_1 unconnected-(U12-GL-Pad10)_2]
we MERGE into one net "N$160" (pins [U11.10 U11.11 U11.28]) -> [unconnected-(U11-GL-Pad10) unconnected-(U11-GL-Pad10)_1 unconnected-(U11-GL-Pad10)_2]
we MERGE into one net "N$161" (pins [U8.10 U8.11 U8.28]) -> [unconnected-(U8-GL-Pad10) unconnected-(U8-GL-Pad10)_1 unconnected-(U8-GL-Pad10)_2]
we MERGE into one net "N$162" (pins [U13.10 U13.11 U13.28]) -> [unconnected-(U13-GL-Pad10) unconnected-(U13-GL-Pad10)_1 unconnected-(U13-GL-Pad10)_2]
we MERGE into one net "N$208" (pins [U36.4 U36.7]) -> [unconnected-(U36-Pad4) unconnected-(U36-Pad4)_1]
we MERGE into one net "N$209" (pins [U36.5 U36.6]) -> [unconnected-(U36-Pad5) unconnected-(U36-Pad5)_1]
we MERGE into one net "N$210" (pins [U30.52 U30.56 U30.57 U30.7]) -> [unconnected-(U30C-DRAIN2-Pad52) unconnected-(U30C-DRAIN2-Pad52)_1 unconnected-(U30C-DRAIN2-Pad52)_2 unconnected-(U30C-DRAIN2-Pad52)_9]
we SPLIT reference net "/CSI/CAM0.CSI2_CLK+" (pins [J1.B43 J11.11]) -> [/CSI/CAM0.CSI2_CLK+ /SoM_IO2/CAM0.CSI2_CLK+]
we SPLIT reference net "/CSI/CAM0.CSI2_CLK-" (pins [J1.B42 J11.10]) -> [/CSI/CAM0.CSI2_CLK- /SoM_IO2/CAM0.CSI2_CLK-]
we SPLIT reference net "/CSI/CAM0.CSI2_D0+" (pins [J1.A41 J11.8]) -> [/CSI/CAM0.CSI2_D0+ /SoM_IO2/CAM0.CSI2_D0+]
we SPLIT reference net "/CSI/CAM0.CSI2_D0-" (pins [J1.A42 J11.7]) -> [/CSI/CAM0.CSI2_D0- /SoM_IO2/CAM0.CSI2_D0-]
we SPLIT reference net "/CSI/CAM0.CSI2_D1+" (pins [J1.C42 J11.6]) -> [/CSI/CAM0.CSI2_D1+ /SoM_IO2/CAM0.CSI2_D1+]
we SPLIT reference net "/CSI/CAM0.CSI2_D1-" (pins [J1.C41 J11.5]) -> [/CSI/CAM0.CSI2_D1- /SoM_IO2/CAM0.CSI2_D1-]
we SPLIT reference net "/CSI/CAM0.CSI3_D0+" (pins [J1.E45 J11.4]) -> [/CSI/CAM0.CSI3_D0+ /SoM_IO2/CAM0.CSI3_D0+]
we SPLIT reference net "/CSI/CAM0.CSI3_D0-" (pins [J1.E44 J11.3]) -> [/CSI/CAM0.CSI3_D0- /SoM_IO2/CAM0.CSI3_D0-]
we SPLIT reference net "/CSI/CAM0.CSI3_D1+" (pins [J1.G44 J11.2]) -> [/CSI/CAM0.CSI3_D1+ /SoM_IO2/CAM0.CSI3_D1+]
we SPLIT reference net "/CSI/CAM0.CSI3_D1-" (pins [J1.G45 J11.1]) -> [/CSI/CAM0.CSI3_D1- /SoM_IO2/CAM0.CSI3_D1-]
we SPLIT reference net "/CSI/CAM1.CSI0_CLK+" (pins [J1.F43 J11.29]) -> [/CSI/CAM1.CSI0_CLK+ /SoM_IO2/CAM1.CSI0_CLK+]
we SPLIT reference net "/CSI/CAM1.CSI0_CLK-" (pins [J1.F42 J11.28]) -> [/CSI/CAM1.CSI0_CLK- /SoM_IO2/CAM1.CSI0_CLK-]
we SPLIT reference net "/CSI/CAM1.CSI0_D0+" (pins [J1.E42 J11.26]) -> [/CSI/CAM1.CSI0_D0+ /SoM_IO2/CAM1.CSI0_D0+]
we SPLIT reference net "/CSI/CAM1.CSI0_D0-" (pins [J1.E41 J11.25]) -> [/CSI/CAM1.CSI0_D0- /SoM_IO2/CAM1.CSI0_D0-]
we SPLIT reference net "/CSI/CAM1.CSI0_D1+" (pins [J1.E39 J11.24]) -> [/CSI/CAM1.CSI0_D1+ /SoM_IO2/CAM1.CSI0_D1+]
we SPLIT reference net "/CSI/CAM1.CSI0_D1-" (pins [J1.E38 J11.23]) -> [/CSI/CAM1.CSI0_D1- /SoM_IO2/CAM1.CSI0_D1-]
we SPLIT reference net "/CSI/CAM1.CSI1_D0+" (pins [J1.G41 J11.22]) -> [/CSI/CAM1.CSI1_D0+ /SoM_IO2/CAM1.CSI1_D0+]
we SPLIT reference net "/CSI/CAM1.CSI1_D0-" (pins [J1.G42 J11.21]) -> [/CSI/CAM1.CSI1_D0- /SoM_IO2/CAM1.CSI1_D0-]
we SPLIT reference net "/CSI/CAM1.CSI1_D1+" (pins [J1.J41 J11.20]) -> [/CSI/CAM1.CSI1_D1+ /SoM_IO2/CAM1.CSI1_D1+]
we SPLIT reference net "/CSI/CAM1.CSI1_D1-" (pins [J1.J42 J11.19]) -> [/CSI/CAM1.CSI1_D1- /SoM_IO2/CAM1.CSI1_D1-]
we SPLIT reference net "/CSI/CAM2.CSI4_CLK+" (pins [J1.F48 J10.11]) -> [/CSI/CAM2.CSI4_CLK+ /SoM_IO2/CAM2.CSI4_CLK+]
we SPLIT reference net "/CSI/CAM2.CSI4_CLK-" (pins [J1.F49 J10.10]) -> [/CSI/CAM2.CSI4_CLK- /SoM_IO2/CAM2.CSI4_CLK-]
we SPLIT reference net "/CSI/CAM2.CSI4_D0+" (pins [J1.G48 J10.8]) -> [/CSI/CAM2.CSI4_D0+ /SoM_IO2/CAM2.CSI4_D0+]
we SPLIT reference net "/CSI/CAM2.CSI4_D0-" (pins [J1.G47 J10.7]) -> [/CSI/CAM2.CSI4_D0- /SoM_IO2/CAM2.CSI4_D0-]
we SPLIT reference net "/CSI/CAM2.CSI4_D1+" (pins [J1.E47 J10.6]) -> [/CSI/CAM2.CSI4_D1+ /SoM_IO2/CAM2.CSI4_D1+]
we SPLIT reference net "/CSI/CAM2.CSI4_D1-" (pins [J1.E48 J10.5]) -> [/CSI/CAM2.CSI4_D1- /SoM_IO2/CAM2.CSI4_D1-]
we SPLIT reference net "/CSI/CAM2.CSI5_D0+" (pins [J1.D42 J10.4]) -> [/CSI/CAM2.CSI5_D0+ /SoM_IO2/CAM2.CSI5_D0+]
we SPLIT reference net "/CSI/CAM2.CSI5_D0-" (pins [J1.D43 J10.3]) -> [/CSI/CAM2.CSI5_D0- /SoM_IO2/CAM2.CSI5_D0-]
we SPLIT reference net "/CSI/CAM2.CSI5_D1+" (pins [J1.D46 J10.2]) -> [/CSI/CAM2.CSI5_D1+ /SoM_IO2/CAM2.CSI5_D1+]
we SPLIT reference net "/CSI/CAM2.CSI5_D1-" (pins [J1.D45 J10.1]) -> [/CSI/CAM2.CSI5_D1- /SoM_IO2/CAM2.CSI5_D1-]
we SPLIT reference net "/CSI/CAM3.CSI6_CLK+" (pins [J1.J44 J10.29]) -> [/CSI/CAM3.CSI6_CLK+ /SoM_IO2/CAM3.CSI6_CLK+]
we SPLIT reference net "/CSI/CAM3.CSI6_CLK-" (pins [J1.J45 J10.28]) -> [/CSI/CAM3.CSI6_CLK- /SoM_IO2/CAM3.CSI6_CLK-]
we SPLIT reference net "/CSI/CAM3.CSI6_D0+" (pins [J1.K44 J10.26]) -> [/CSI/CAM3.CSI6_D0+ /SoM_IO2/CAM3.CSI6_D0+]
we SPLIT reference net "/CSI/CAM3.CSI6_D0-" (pins [J1.K43 J10.25]) -> [/CSI/CAM3.CSI6_D0- /SoM_IO2/CAM3.CSI6_D0-]
we SPLIT reference net "/CSI/CAM3.CSI6_D1+" (pins [J1.H46 J10.24]) -> [/CSI/CAM3.CSI6_D1+ /SoM_IO2/CAM3.CSI6_D1+]
we SPLIT reference net "/CSI/CAM3.CSI6_D1-" (pins [J1.H45 J10.23]) -> [/CSI/CAM3.CSI6_D1- /SoM_IO2/CAM3.CSI6_D1-]
we SPLIT reference net "/CSI/CAM3.CSI7_D0+" (pins [J1.A44 J10.22]) -> [/CSI/CAM3.CSI7_D0+ /SoM_IO2/CAM3.CSI7_D0+]
we SPLIT reference net "/CSI/CAM3.CSI7_D0-" (pins [J1.A45 J10.21]) -> [/CSI/CAM3.CSI7_D0- /SoM_IO2/CAM3.CSI7_D0-]
we SPLIT reference net "/CSI/CAM3.CSI7_D1+" (pins [J1.C47 J10.20]) -> [/CSI/CAM3.CSI7_D1+ /SoM_IO2/CAM3.CSI7_D1+]
we SPLIT reference net "/CSI/CAM3.CSI7_D1-" (pins [J1.C48 J10.19]) -> [/CSI/CAM3.CSI7_D1- /SoM_IO2/CAM3.CSI7_D1-]
we SPLIT reference net "/CSI/CAM_CTRL.CSIA_FLG" (pins [R168.2 R347.2 U44.3 U45.3]) -> [/CSI/CAM_CTRL.CSIA_FLG /Peripherals/CAM_CTRL.CSIA_FLG]
we SPLIT reference net "/CSI/CAM_CTRL.CSIA_PEN" (pins [R165.1 R166.2 R401.2 U44.4 U45.4]) -> [/CSI/CAM_CTRL.CSIA_PEN /Peripherals/CAM_CTRL.CSIA_PEN]
we SPLIT reference net "/CSI/CAM_CTRL.CSIB_FLG" (pins [R176.2 R402.2 U46.3 U47.3]) -> [/CSI/CAM_CTRL.CSIB_FLG /Peripherals/CAM_CTRL.CSIB_FLG]
we SPLIT reference net "/CSI/CAM_CTRL.CSIB_PEN" (pins [R174.1 R175.2 R346.2 U46.4 U47.4]) -> [/CSI/CAM_CTRL.CSIB_PEN /Peripherals/CAM_CTRL.CSIB_PEN]
we SPLIT reference net "/CSI/CAM_CTRL.VSYNC_CAM0" (pins [J1.B54 U48.5]) -> [/CSI/CAM_CTRL.VSYNC_CAM0 /SoM_IO/CAM_CTRL.VSYNC_CAM0]
we SPLIT reference net "/CSI/CAM_CTRL.VSYNC_CAM1" (pins [J1.A54 U48.4]) -> [/CSI/CAM_CTRL.VSYNC_CAM1 /SoM_IO/CAM_CTRL.VSYNC_CAM1]
we SPLIT reference net "/CSI/CAM_CTRL.VSYNC_CAM2" (pins [J1.C4 U49.5]) -> [/CSI/CAM_CTRL.VSYNC_CAM2 /SoM_IO/CAM_CTRL.VSYNC_CAM2]
we SPLIT reference net "/CSI/CAM_CTRL.VSYNC_CAM3" (pins [J1.D5 U49.4]) -> [/CSI/CAM_CTRL.VSYNC_CAM3 /SoM_IO/CAM_CTRL.VSYNC_CAM3]
we SPLIT reference net "/CSI/I2C_{CAM}.SCL" (pins [J1.D61 R163.2]) -> [/CSI/I2C_{CAM}.SCL /SoM_IO/I2C_{CAM}.SCL]
we SPLIT reference net "/CSI/I2C_{CAM}.SDA" (pins [J1.E60 R162.2]) -> [/CSI/I2C_{CAM}.SDA /SoM_IO/I2C_{CAM}.SDA]
we SPLIT reference net "/Expansion connector/CAN0.DIN" (pins [J1.G39 J18.H07]) -> [/Expansion connector/CAN0.DIN /SoM_IO/CAN0.DIN]
we SPLIT reference net "/Expansion connector/CAN0.DOUT" (pins [J1.G38 J18.H08]) -> [/Expansion connector/CAN0.DOUT /SoM_IO/CAN0.DOUT]
we SPLIT reference net "/Expansion connector/CAN1.DIN" (pins [J1.H36 J18.H10]) -> [/Expansion connector/CAN1.DIN /SoM_IO/CAN1.DIN]
we SPLIT reference net "/Expansion connector/CAN1.DOUT" (pins [J1.H37 J18.H11]) -> [/Expansion connector/CAN1.DOUT /SoM_IO/CAN1.DOUT]
we SPLIT reference net "/Expansion connector/CAN2.DIN" (pins [J1.F58 J18.H13]) -> [/Expansion connector/CAN2.DIN /SoM_IO/CAN2.DIN]
we SPLIT reference net "/Expansion connector/CAN2.DOUT" (pins [J1.D59 J18.H14]) -> [/Expansion connector/CAN2.DOUT /SoM_IO/CAN2.DOUT]
we SPLIT reference net "/Expansion connector/CAN3.DIN" (pins [J1.B61 J18.H16]) -> [/Expansion connector/CAN3.DIN /SoM_IO/CAN3.DIN]
we SPLIT reference net "/Expansion connector/CAN3.DOUT" (pins [J1.H61 J18.H17]) -> [/Expansion connector/CAN3.DOUT /SoM_IO/CAN3.DOUT]
we SPLIT reference net "/Expansion connector/DP1.AUX+" (pins [C332.2 J18.Y10]) -> [/Expansion connector/DP1.AUX+ /SoM_IO2/DP1.AUX+]
we SPLIT reference net "/Expansion connector/DP1.AUX-" (pins [C333.2 J18.Y11]) -> [/Expansion connector/DP1.AUX- /SoM_IO2/DP1.AUX-]
we SPLIT reference net "/Expansion connector/DP1.HPD" (pins [J1.C18 J18.C18]) -> [/Expansion connector/DP1.HPD /SoM_IO2/DP1.HPD]
we SPLIT reference net "/Expansion connector/DP1.TX0+" (pins [C324.1 J18.Y14]) -> [/Expansion connector/DP1.TX0+ /SoM_IO2/DP1.TX0+]
we SPLIT reference net "/Expansion connector/DP1.TX0-" (pins [C328.1 J18.Y15]) -> [/Expansion connector/DP1.TX0- /SoM_IO2/DP1.TX0-]
we SPLIT reference net "/Expansion connector/DP1.TX1+" (pins [C325.1 J18.Y18]) -> [/Expansion connector/DP1.TX1+ /SoM_IO2/DP1.TX1+]
we SPLIT reference net "/Expansion connector/DP1.TX1-" (pins [C329.1 J18.Y19]) -> [/Expansion connector/DP1.TX1- /SoM_IO2/DP1.TX1-]
we SPLIT reference net "/Expansion connector/DP1.TX2+" (pins [C326.1 J18.Z12]) -> [/Expansion connector/DP1.TX2+ /SoM_IO2/DP1.TX2+]
we SPLIT reference net "/Expansion connector/DP1.TX2-" (pins [C330.1 J18.Z13]) -> [/Expansion connector/DP1.TX2- /SoM_IO2/DP1.TX2-]
we SPLIT reference net "/Expansion connector/DP1.TX3+" (pins [C327.1 J18.Z16]) -> [/Expansion connector/DP1.TX3+ /SoM_IO2/DP1.TX3+]
we SPLIT reference net "/Expansion connector/DP1.TX3-" (pins [C331.1 J18.Z17]) -> [/Expansion connector/DP1.TX3- /SoM_IO2/DP1.TX3-]
we SPLIT reference net "/Expansion connector/DP2.AUX+" (pins [C342.2 J18.A03]) -> [/Expansion connector/DP2.AUX+ /SoM_IO2/DP2.AUX+]
we SPLIT reference net "/Expansion connector/DP2.AUX-" (pins [C343.2 J18.A02]) -> [/Expansion connector/DP2.AUX- /SoM_IO2/DP2.AUX-]
we SPLIT reference net "/Expansion connector/DP2.HPD" (pins [J1.A19 J18.C19]) -> [/Expansion connector/DP2.HPD /SoM_IO2/DP2.HPD]
we SPLIT reference net "/Expansion connector/DP2.TX0+" (pins [C334.1 J18.A07]) -> [/Expansion connector/DP2.TX0+ /SoM_IO2/DP2.TX0+]
we SPLIT reference net "/Expansion connector/DP2.TX0-" (pins [C338.1 J18.A06]) -> [/Expansion connector/DP2.TX0- /SoM_IO2/DP2.TX0-]
we SPLIT reference net "/Expansion connector/DP2.TX1+" (pins [C335.1 J18.A11]) -> [/Expansion connector/DP2.TX1+ /SoM_IO2/DP2.TX1+]
we SPLIT reference net "/Expansion connector/DP2.TX1-" (pins [C339.1 J18.A10]) -> [/Expansion connector/DP2.TX1- /SoM_IO2/DP2.TX1-]
we SPLIT reference net "/Expansion connector/DP2.TX2+" (pins [C336.1 J18.A15]) -> [/Expansion connector/DP2.TX2+ /SoM_IO2/DP2.TX2+]
we SPLIT reference net "/Expansion connector/DP2.TX2-" (pins [C340.1 J18.A14]) -> [/Expansion connector/DP2.TX2- /SoM_IO2/DP2.TX2-]
we SPLIT reference net "/Expansion connector/DP2.TX3+" (pins [C337.1 J18.A19]) -> [/Expansion connector/DP2.TX3+ /SoM_IO2/DP2.TX3+]
we SPLIT reference net "/Expansion connector/DP2.TX3-" (pins [C341.1 J18.A18]) -> [/Expansion connector/DP2.TX3- /SoM_IO2/DP2.TX3-]
we SPLIT reference net "/Expansion connector/DP3.AUX+" (pins [C352.2 J18.B20]) -> [/Expansion connector/DP3.AUX+ /SoM_IO2/DP3.AUX+]
we SPLIT reference net "/Expansion connector/DP3.AUX-" (pins [C353.2 J18.B21]) -> [/Expansion connector/DP3.AUX- /SoM_IO2/DP3.AUX-]
we SPLIT reference net "/Expansion connector/DP3.HPD" (pins [J1.C19 J18.C22]) -> [/Expansion connector/DP3.HPD /SoM_IO2/DP3.HPD]
we SPLIT reference net "/Expansion connector/DP3.TX0+" (pins [C344.1 J18.B16]) -> [/Expansion connector/DP3.TX0+ /SoM_IO2/DP3.TX0+]
we SPLIT reference net "/Expansion connector/DP3.TX0-" (pins [C348.1 J18.B17]) -> [/Expansion connector/DP3.TX0- /SoM_IO2/DP3.TX0-]
we SPLIT reference net "/Expansion connector/DP3.TX1+" (pins [C345.1 J18.B12]) -> [/Expansion connector/DP3.TX1+ /SoM_IO2/DP3.TX1+]
we SPLIT reference net "/Expansion connector/DP3.TX1-" (pins [C349.1 J18.B13]) -> [/Expansion connector/DP3.TX1- /SoM_IO2/DP3.TX1-]
we SPLIT reference net "/Expansion connector/DP3.TX2+" (pins [C346.1 J18.B08]) -> [/Expansion connector/DP3.TX2+ /SoM_IO2/DP3.TX2+]
we SPLIT reference net "/Expansion connector/DP3.TX2-" (pins [C350.1 J18.B09]) -> [/Expansion connector/DP3.TX2- /SoM_IO2/DP3.TX2-]
we SPLIT reference net "/Expansion connector/DP3.TX3+" (pins [C347.1 J18.B04]) -> [/Expansion connector/DP3.TX3+ /SoM_IO2/DP3.TX3+]
we SPLIT reference net "/Expansion connector/DP3.TX3-" (pins [C351.1 J18.B05]) -> [/Expansion connector/DP3.TX3- /SoM_IO2/DP3.TX3-]
we SPLIT reference net "/Expansion connector/GPIO.18" (pins [J1.J18 J18.H25]) -> [/Expansion connector/GPIO.18 /SoM_IO/GPIO.18]
we SPLIT reference net "/Expansion connector/GPIO.20" (pins [J1.H5 J18.H26]) -> [/Expansion connector/GPIO.20 /SoM_IO/GPIO.20]
we SPLIT reference net "/Expansion connector/GPIO.21" (pins [J1.K6 J18.C26]) -> [/Expansion connector/GPIO.21 /SoM_IO/GPIO.21]
we SPLIT reference net "/Expansion connector/GPIO.27" (pins [J1.J5 J18.C27]) -> [/Expansion connector/GPIO.27 /SoM_IO/GPIO.27]
we SPLIT reference net "/Expansion connector/GPIO.MCLK01" (pins [J1.H9 J18.G02]) -> [/Expansion connector/GPIO.MCLK01 /SoM_IO/GPIO.MCLK01]
we SPLIT reference net "/Expansion connector/GPIO.MCLK02" (pins [J1.J54 J18.G03]) -> [/Expansion connector/GPIO.MCLK02 /SoM_IO/GPIO.MCLK02]
we SPLIT reference net "/Expansion connector/GPIO.MCLK03" (pins [J1.H53 J18.C23]) -> [/Expansion connector/GPIO.MCLK03 /SoM_IO/GPIO.MCLK03]
we SPLIT reference net "/Expansion connector/GPIO.USER_BTN0" (pins [D37.2 J1.C61 J18.H22 R237.1 S2.1 S2.2]) -> [/Expansion connector/GPIO.USER_BTN0 /Peripherals/GPIO.USER_BTN0 /SoM_IO/GPIO.USER_BTN0]
we SPLIT reference net "/Expansion connector/GPIO.USER_BTN1" (pins [D38.2 J1.G7 J18.H23 R238.1 S3.1 S3.2]) -> [/Expansion connector/GPIO.USER_BTN1 /Peripherals/GPIO.USER_BTN1 /SoM_IO/GPIO.USER_BTN1]
we SPLIT reference net "/Expansion connector/GPIO.USER_LED0" (pins [J1.A59 J18.H19 Q13.1 R229.2]) -> [/Expansion connector/GPIO.USER_LED0 /Peripherals/GPIO.USER_LED0 /SoM_IO/GPIO.USER_LED0]
we SPLIT reference net "/Expansion connector/GPIO.USER_LED1" (pins [J1.B62 J18.H20 Q14.1 R233.2]) -> [/Expansion connector/GPIO.USER_LED1 /Peripherals/GPIO.USER_LED1 /SoM_IO/GPIO.USER_LED1]
we SPLIT reference net "/Expansion connector/I2C0.SCL" (pins [J18.C30 R374.2 U1.13 U2.6]) -> [/Expansion connector/I2C0.SCL /SoM_IO/I2C0.SCL]
we SPLIT reference net "/Expansion connector/I2C0.SDA" (pins [J18.C31 R373.2 U1.12 U2.5]) -> [/Expansion connector/I2C0.SDA /SoM_IO/I2C0.SDA]
we SPLIT reference net "/Expansion connector/I2C7.SCL" (pins [J1.E27 J18.D24]) -> [/Expansion connector/I2C7.SCL /SoM_IO/I2C7.SCL]
we SPLIT reference net "/Expansion connector/I2C7.SDA" (pins [J1.E26 J18.D23]) -> [/Expansion connector/I2C7.SDA /SoM_IO/I2C7.SDA]
we SPLIT reference net "/Expansion connector/I2C8.SCL" (pins [J1.F52 J18.D26]) -> [/Expansion connector/I2C8.SCL /SoM_IO/I2C8.SCL]
we SPLIT reference net "/Expansion connector/I2C8.SDA" (pins [J1.F51 J18.D27]) -> [/Expansion connector/I2C8.SDA /SoM_IO/I2C8.SDA]
we SPLIT reference net "/Expansion connector/I2S2.CLK" (pins [J1.G4 J18.G06]) -> [/Expansion connector/I2S2.CLK /SoM_IO/I2S2.CLK]
we SPLIT reference net "/Expansion connector/I2S2.FS" (pins [J1.E4 J18.G07]) -> [/Expansion connector/I2S2.FS /SoM_IO/I2S2.FS]
we SPLIT reference net "/Expansion connector/I2S2.SDIN" (pins [J1.F6 J18.G10]) -> [/Expansion connector/I2S2.SDIN /SoM_IO/I2S2.SDIN]
we SPLIT reference net "/Expansion connector/I2S2.SDOUT" (pins [J1.F5 J18.G09]) -> [/Expansion connector/I2S2.SDOUT /SoM_IO/I2S2.SDOUT]
we SPLIT reference net "/Expansion connector/I2S3.CLK" (pins [J1.H16 J18.G12]) -> [/Expansion connector/I2S3.CLK /SoM_IO/I2S3.CLK]
we SPLIT reference net "/Expansion connector/I2S3.FS" (pins [J1.G18 J18.G13 TP74.1]) -> [/Expansion connector/I2S3.FS /SoM_IO/I2S3.FS]
we SPLIT reference net "/Expansion connector/I2S3.SDIN" (pins [J1.G19 J18.G16]) -> [/Expansion connector/I2S3.SDIN /SoM_IO/I2S3.SDIN]
we SPLIT reference net "/Expansion connector/I2S3.SDOUT" (pins [J1.H17 J18.G15]) -> [/Expansion connector/I2S3.SDOUT /SoM_IO/I2S3.SDOUT]
we SPLIT reference net "/Expansion connector/PCIe_{C2x1}.CLK+" (pins [J18.Z33 R201.1]) -> [/Expansion connector/PCIe_{C2x1}.CLK+ /SoM_IO2/PCIe_{C2x1}.CLK+]
we SPLIT reference net "/Expansion connector/PCIe_{C2x1}.CLK-" (pins [J18.Z32 R202.1]) -> [/Expansion connector/PCIe_{C2x1}.CLK- /SoM_IO2/PCIe_{C2x1}.CLK-]
we SPLIT reference net "/Expansion connector/PCIe_{C2x1}.RX0+" (pins [J1.B21 R351.1]) -> [/Expansion connector/PCIe_{C2x1}.RX0+ /SoM_IO2/PCIe_{C2x1}.RX0+]
we SPLIT reference net "/Expansion connector/PCIe_{C2x1}.RX0-" (pins [J1.B20 R49.1]) -> [/Expansion connector/PCIe_{C2x1}.RX0- /SoM_IO2/PCIe_{C2x1}.RX0-]
we SPLIT reference net "/Expansion connector/PCIe_{C2x1}.TX0+" (pins [C213.1 J1.K21]) -> [/Expansion connector/PCIe_{C2x1}.TX0+ /SoM_IO2/PCIe_{C2x1}.TX0+]
we SPLIT reference net "/Expansion connector/PCIe_{C2x1}.TX0-" (pins [C214.1 J1.K20]) -> [/Expansion connector/PCIe_{C2x1}.TX0- /SoM_IO2/PCIe_{C2x1}.TX0-]
we SPLIT reference net "/Expansion connector/PCIe_{C2x1}.~{CLKREQ}" (pins [J1.E11 J18.C15]) -> [/Expansion connector/PCIe_{C2x1}.~{CLKREQ} /SoM_IO2/PCIe_{C2x1}.~{CLKREQ}]
we SPLIT reference net "/Expansion connector/PCIe_{C2x1}.~{RST}" (pins [J1.D10 J18.C14]) -> [/Expansion connector/PCIe_{C2x1}.~{RST} /SoM_IO2/PCIe_{C2x1}.~{RST}]
we SPLIT reference net "/Expansion connector/PCIe_{C3x2}.CLK+" (pins [J1.E23 J18.Y23]) -> [/Expansion connector/PCIe_{C3x2}.CLK+ /SoM_IO2/PCIe_{C3x2}.CLK+]
we SPLIT reference net "/Expansion connector/PCIe_{C3x2}.CLK-" (pins [J1.E22 J18.Y22]) -> [/Expansion connector/PCIe_{C3x2}.CLK- /SoM_IO2/PCIe_{C3x2}.CLK-]
we SPLIT reference net "/Expansion connector/PCIe_{C3x2}.RX0+" (pins [J1.B12 J18.Y26]) -> [/Expansion connector/PCIe_{C3x2}.RX0+ /SoM_IO2/PCIe_{C3x2}.RX0+]
we SPLIT reference net "/Expansion connector/PCIe_{C3x2}.RX0-" (pins [J1.B13 J18.Y27]) -> [/Expansion connector/PCIe_{C3x2}.RX0- /SoM_IO2/PCIe_{C3x2}.RX0-]
we SPLIT reference net "/Expansion connector/PCIe_{C3x2}.RX1+" (pins [J1.D12 J18.Y30]) -> [/Expansion connector/PCIe_{C3x2}.RX1+ /SoM_IO2/PCIe_{C3x2}.RX1+]
we SPLIT reference net "/Expansion connector/PCIe_{C3x2}.RX1-" (pins [J1.D13 J18.Y31]) -> [/Expansion connector/PCIe_{C3x2}.RX1- /SoM_IO2/PCIe_{C3x2}.RX1-]
we SPLIT reference net "/Expansion connector/PCIe_{C3x2}.TX0+" (pins [C211.1 J1.K13]) -> [/Expansion connector/PCIe_{C3x2}.TX0+ /SoM_IO2/PCIe_{C3x2}.TX0+]
we SPLIT reference net "/Expansion connector/PCIe_{C3x2}.TX0-" (pins [C219.1 J1.K12]) -> [/Expansion connector/PCIe_{C3x2}.TX0- /SoM_IO2/PCIe_{C3x2}.TX0-]
we SPLIT reference net "/Expansion connector/PCIe_{C3x2}.TX1+" (pins [C220.1 J1.H12]) -> [/Expansion connector/PCIe_{C3x2}.TX1+ /SoM_IO2/PCIe_{C3x2}.TX1+]
we SPLIT reference net "/Expansion connector/PCIe_{C3x2}.TX1-" (pins [C212.1 J1.H13]) -> [/Expansion connector/PCIe_{C3x2}.TX1- /SoM_IO2/PCIe_{C3x2}.TX1-]
we SPLIT reference net "/Expansion connector/PCIe_{C3x2}.~{CLKREQ}" (pins [J1.G8 J18.C11]) -> [/Expansion connector/PCIe_{C3x2}.~{CLKREQ} /SoM_IO2/PCIe_{C3x2}.~{CLKREQ}]
we SPLIT reference net "/Expansion connector/PCIe_{C3x2}.~{RST}" (pins [J1.J9 J18.C10]) -> [/Expansion connector/PCIe_{C3x2}.~{RST} /SoM_IO2/PCIe_{C3x2}.~{RST}]
we SPLIT reference net "/Expansion connector/SPI1.MISO" (pins [J1.A56 J18.G21]) -> [/Expansion connector/SPI1.MISO /SoM_IO/SPI1.MISO]
we SPLIT reference net "/Expansion connector/SPI1.MOSI" (pins [J1.D55 J18.G22]) -> [/Expansion connector/SPI1.MOSI /SoM_IO/SPI1.MOSI]
we SPLIT reference net "/Expansion connector/SPI1.SCK" (pins [J1.J57 J18.G24]) -> [/Expansion connector/SPI1.SCK /SoM_IO/SPI1.SCK]
we SPLIT reference net "/Expansion connector/SPI1.~{CS0}" (pins [J1.E55 J18.G18]) -> [/Expansion connector/SPI1.~{CS0} /SoM_IO/SPI1.~{CS0}]
we SPLIT reference net "/Expansion connector/SPI1.~{CS1}" (pins [J1.B56 J18.G19]) -> [/Expansion connector/SPI1.~{CS1} /SoM_IO/SPI1.~{CS1}]
we SPLIT reference net "/Expansion connector/SPI2.MISO" (pins [J1.D62 J18.G28]) -> [/Expansion connector/SPI2.MISO /SoM_IO/SPI2.MISO]
we SPLIT reference net "/Expansion connector/SPI2.MOSI" (pins [J1.F60 J18.G30]) -> [/Expansion connector/SPI2.MOSI /SoM_IO/SPI2.MOSI]
we SPLIT reference net "/Expansion connector/SPI2.SCK" (pins [J1.E61 J18.G27]) -> [/Expansion connector/SPI2.SCK /SoM_IO/SPI2.SCK]
we SPLIT reference net "/Expansion connector/SPI2.~{CS0}" (pins [J1.D60 J18.G25]) -> [/Expansion connector/SPI2.~{CS0} /SoM_IO/SPI2.~{CS0}]
we SPLIT reference net "/Expansion connector/SPI3.MISO" (pins [J1.D56 J18.H32]) -> [/Expansion connector/SPI3.MISO /SoM_IO/SPI3.MISO]
we SPLIT reference net "/Expansion connector/SPI3.MOSI" (pins [J1.G56 J18.H28]) -> [/Expansion connector/SPI3.MOSI /SoM_IO/SPI3.MOSI]
we SPLIT reference net "/Expansion connector/SPI3.SCK" (pins [J1.F55 J18.H29]) -> [/Expansion connector/SPI3.SCK /SoM_IO/SPI3.SCK]
we SPLIT reference net "/Expansion connector/SPI3.~{CS0}" (pins [J1.C57 J18.G31]) -> [/Expansion connector/SPI3.~{CS0} /SoM_IO/SPI3.~{CS0}]
we SPLIT reference net "/Expansion connector/SPI3.~{CS1}" (pins [J1.E56 J18.H31]) -> [/Expansion connector/SPI3.~{CS1} /SoM_IO/SPI3.~{CS1}]
we SPLIT reference net "/Expansion connector/UART2.CTS" (pins [J1.A57 J18.D09]) -> [/Expansion connector/UART2.CTS /SoM_IO/UART2.CTS]
we SPLIT reference net "/Expansion connector/UART2.RTS" (pins [J1.G58 J18.D08]) -> [/Expansion connector/UART2.RTS /SoM_IO/UART2.RTS]
we SPLIT reference net "/Expansion connector/UART2.RX" (pins [J1.C56 J18.D12]) -> [/Expansion connector/UART2.RX /SoM_IO/UART2.RX]
we SPLIT reference net "/Expansion connector/UART2.TX" (pins [J1.C58 J18.D11]) -> [/Expansion connector/UART2.TX /SoM_IO/UART2.TX]
we SPLIT reference net "/Expansion connector/UART5.CTS" (pins [J1.H57 J18.D15]) -> [/Expansion connector/UART5.CTS /SoM_IO/UART5.CTS]
we SPLIT reference net "/Expansion connector/UART5.RTS" (pins [J1.K58 J18.D14]) -> [/Expansion connector/UART5.RTS /SoM_IO/UART5.RTS]
we SPLIT reference net "/Expansion connector/UART5.RX" (pins [J1.H58 J18.D18]) -> [/Expansion connector/UART5.RX /SoM_IO/UART5.RX]
we SPLIT reference net "/Expansion connector/UART5.TX" (pins [J1.J58 J18.D17]) -> [/Expansion connector/UART5.TX /SoM_IO/UART5.TX]
we SPLIT reference net "/I2C_{SYS}.SCL" (pins [J18.D21 R100.2 R111.1 R122.2 R282.1 R377.2 R71.1 TP88.1 U14.30 U22.5 U50.5 U54.5 U60.5 U66.5 U66.7 U71.12 U76.5 U80.13]) -> [/DCDC/I2C_{SYS}.SCL /Expansion connector/I2C_{SYS}.SCL /Peripherals/I2C_{SYS}.SCL /Recovery USB/I2C_{SYS}.SCL /SoM_IO/I2C_{SYS}.SCL /USB DP Alt mode/I2C_{SYS}.SCL /USB Debug, PD/I2C_{SYS}.SCL /USB Hub/I2C_{SYS}.SCL]
we SPLIT reference net "/I2C_{SYS}.SDA" (pins [J18.D20 R112.1 R121.2 R281.1 R376.2 R387.2 R388.2 R40.1 TP87.1 U14.29 U22.6 U50.6 U54.6 U60.6 U60.7 U66.6 U71.13 U76.6 U80.12]) -> [/DCDC/I2C_{SYS}.SDA /Expansion connector/I2C_{SYS}.SDA /Peripherals/I2C_{SYS}.SDA /Recovery USB/I2C_{SYS}.SDA /SoM_IO/I2C_{SYS}.SDA /USB DP Alt mode/I2C_{SYS}.SDA /USB Debug, PD/I2C_{SYS}.SDA /USB Hub/I2C_{SYS}.SDA]
we SPLIT reference net "/M.2/M2_E.W_DIS_1" (pins [R264.2 U5.19]) -> [/M.2/M2_E.W_DIS_1 /SoM_IO/M2_E.W_DIS_1]
we SPLIT reference net "/M.2/M2_E.W_DIS_2" (pins [R226.2 U5.18]) -> [/M.2/M2_E.W_DIS_2 /SoM_IO/M2_E.W_DIS_2]
we SPLIT reference net "/M.2/PCIe_{C1x1}.CLK+" (pins [J1.D49 J14.49]) -> [/M.2/PCIe_{C1x1}.CLK+ /SoM_IO2/PCIe_{C1x1}.CLK+]
we SPLIT reference net "/M.2/PCIe_{C1x1}.CLK-" (pins [J1.D48 J14.47]) -> [/M.2/PCIe_{C1x1}.CLK- /SoM_IO2/PCIe_{C1x1}.CLK-]
we SPLIT reference net "/M.2/PCIe_{C1x1}.RX0+" (pins [J1.B33 J14.41]) -> [/M.2/PCIe_{C1x1}.RX0+ /SoM_IO2/PCIe_{C1x1}.RX0+]
we SPLIT reference net "/M.2/PCIe_{C1x1}.RX0-" (pins [J1.B32 J14.43]) -> [/M.2/PCIe_{C1x1}.RX0- /SoM_IO2/PCIe_{C1x1}.RX0-]
we SPLIT reference net "/M.2/PCIe_{C1x1}.TX0+" (pins [C194.1 J1.G35]) -> [/M.2/PCIe_{C1x1}.TX0+ /SoM_IO2/PCIe_{C1x1}.TX0+]
we SPLIT reference net "/M.2/PCIe_{C1x1}.TX0-" (pins [C196.1 J1.G34]) -> [/M.2/PCIe_{C1x1}.TX0- /SoM_IO2/PCIe_{C1x1}.TX0-]
we SPLIT reference net "/M.2/PCIe_{C1x1}.~{CLKREQ}" (pins [J1.B37 R215.1]) -> [/M.2/PCIe_{C1x1}.~{CLKREQ} /SoM_IO2/PCIe_{C1x1}.~{CLKREQ}]
we SPLIT reference net "/M.2/PCIe_{C1x1}.~{RST}" (pins [J1.B36 R214.1]) -> [/M.2/PCIe_{C1x1}.~{RST} /SoM_IO2/PCIe_{C1x1}.~{RST}]
we SPLIT reference net "/M.2/PCIe_{C5x4}.CLK+" (pins [J1.F32 J13.53]) -> [/M.2/PCIe_{C5x4}.CLK+ /SoM_IO2/PCIe_{C5x4}.CLK+]
we SPLIT reference net "/M.2/PCIe_{C5x4}.CLK-" (pins [J1.F33 J13.55]) -> [/M.2/PCIe_{C5x4}.CLK- /SoM_IO2/PCIe_{C5x4}.CLK-]
we SPLIT reference net "/M.2/PCIe_{C5x4}.RX0+" (pins [J1.D24 J13.43]) -> [/M.2/PCIe_{C5x4}.RX0+ /SoM_IO2/PCIe_{C5x4}.RX0+]
we SPLIT reference net "/M.2/PCIe_{C5x4}.RX0-" (pins [J1.D25 J13.41]) -> [/M.2/PCIe_{C5x4}.RX0- /SoM_IO2/PCIe_{C5x4}.RX0-]
we SPLIT reference net "/M.2/PCIe_{C5x4}.RX1+" (pins [J1.B25 J13.29]) -> [/M.2/PCIe_{C5x4}.RX1+ /SoM_IO2/PCIe_{C5x4}.RX1+]
we SPLIT reference net "/M.2/PCIe_{C5x4}.RX1-" (pins [J1.B24 J13.31]) -> [/M.2/PCIe_{C5x4}.RX1- /SoM_IO2/PCIe_{C5x4}.RX1-]
we SPLIT reference net "/M.2/PCIe_{C5x4}.RX2+" (pins [J1.C27 J13.17]) -> [/M.2/PCIe_{C5x4}.RX2+ /SoM_IO2/PCIe_{C5x4}.RX2+]
we SPLIT reference net "/M.2/PCIe_{C5x4}.RX2-" (pins [J1.C26 J13.19]) -> [/M.2/PCIe_{C5x4}.RX2- /SoM_IO2/PCIe_{C5x4}.RX2-]
we SPLIT reference net "/M.2/PCIe_{C5x4}.RX3+" (pins [J1.A26 J13.7]) -> [/M.2/PCIe_{C5x4}.RX3+ /SoM_IO2/PCIe_{C5x4}.RX3+]
we SPLIT reference net "/M.2/PCIe_{C5x4}.RX3-" (pins [J1.A27 J13.5]) -> [/M.2/PCIe_{C5x4}.RX3- /SoM_IO2/PCIe_{C5x4}.RX3-]
we SPLIT reference net "/M.2/PCIe_{C5x4}.TX0+" (pins [C181.1 J1.H24]) -> [/M.2/PCIe_{C5x4}.TX0+ /SoM_IO2/PCIe_{C5x4}.TX0+]
we SPLIT reference net "/M.2/PCIe_{C5x4}.TX0-" (pins [C185.1 J1.H25]) -> [/M.2/PCIe_{C5x4}.TX0- /SoM_IO2/PCIe_{C5x4}.TX0-]
we SPLIT reference net "/M.2/PCIe_{C5x4}.TX1+" (pins [C182.1 J1.K25]) -> [/M.2/PCIe_{C5x4}.TX1+ /SoM_IO2/PCIe_{C5x4}.TX1+]
we SPLIT reference net "/M.2/PCIe_{C5x4}.TX1-" (pins [C186.1 J1.K24]) -> [/M.2/PCIe_{C5x4}.TX1- /SoM_IO2/PCIe_{C5x4}.TX1-]
we SPLIT reference net "/M.2/PCIe_{C5x4}.TX2+" (pins [C183.1 J1.G27]) -> [/M.2/PCIe_{C5x4}.TX2+ /SoM_IO2/PCIe_{C5x4}.TX2+]
we SPLIT reference net "/M.2/PCIe_{C5x4}.TX2-" (pins [C187.1 J1.G26]) -> [/M.2/PCIe_{C5x4}.TX2- /SoM_IO2/PCIe_{C5x4}.TX2-]
we SPLIT reference net "/M.2/PCIe_{C5x4}.TX3+" (pins [C184.1 J1.J26]) -> [/M.2/PCIe_{C5x4}.TX3+ /SoM_IO2/PCIe_{C5x4}.TX3+]
we SPLIT reference net "/M.2/PCIe_{C5x4}.TX3-" (pins [C188.1 J1.J27]) -> [/M.2/PCIe_{C5x4}.TX3- /SoM_IO2/PCIe_{C5x4}.TX3-]
we SPLIT reference net "/M.2/PCIe_{C5x4}.~{CLKREQ}" (pins [J1.L19 R207.1]) -> [/M.2/PCIe_{C5x4}.~{CLKREQ} /SoM_IO2/PCIe_{C5x4}.~{CLKREQ}]
we SPLIT reference net "/M.2/PCIe_{C5x4}.~{RST}" (pins [J1.L18 R206.1]) -> [/M.2/PCIe_{C5x4}.~{RST} /SoM_IO2/PCIe_{C5x4}.~{RST}]
we SPLIT reference net "/M.2/USB3.D+" (pins [J1.G11 R218.1]) -> [/M.2/USB3.D+ /SoM_IO2/USB3.D+]
we SPLIT reference net "/M.2/USB3.D-" (pins [J1.G10 R219.1]) -> [/M.2/USB3.D- /SoM_IO2/USB3.D-]
we SPLIT reference net "/Peripherals/I2C_{CONN}.SCL" (pins [J16.4 J17.4 R375.2 U67.1 U67.10 U68.1 U68.10 U80.11]) -> [/Peripherals/I2C_{CONN}.SCL /SoM_IO/I2C_{CONN}.SCL]
we SPLIT reference net "/Peripherals/I2C_{CONN}.SDA" (pins [J16.3 J17.3 R361.2 U67.2 U67.9 U68.2 U68.9 U80.10]) -> [/Peripherals/I2C_{CONN}.SDA /SoM_IO/I2C_{CONN}.SDA]
we SPLIT reference net "/Recovery USB/USB0.D+" (pins [J1.F12 J3.A6 J3.B6 U58.1 U58.10]) -> [/Recovery USB/USB0.D+ /SoM_IO2/USB0.D+]
we SPLIT reference net "/Recovery USB/USB0.D-" (pins [J1.F13 J3.A7 J3.B7 U58.2 U58.9]) -> [/Recovery USB/USB0.D- /SoM_IO2/USB0.D-]
we SPLIT reference net "/Recovery USB/USBSS0.RX+" (pins [C154.1 J1.C34]) -> [/Recovery USB/USBSS0.RX+ /SoM_IO2/USBSS0.RX+]
we SPLIT reference net "/Recovery USB/USBSS0.RX-" (pins [C201.1 J1.C35]) -> [/Recovery USB/USBSS0.RX- /SoM_IO2/USBSS0.RX-]
we SPLIT reference net "/Recovery USB/USBSS0.TX+" (pins [C200.1 J1.K32]) -> [/Recovery USB/USBSS0.TX+ /SoM_IO2/USBSS0.TX+]
we SPLIT reference net "/Recovery USB/USBSS0.TX-" (pins [C252.1 J1.K33]) -> [/Recovery USB/USBSS0.TX- /SoM_IO2/USBSS0.TX-]
we SPLIT reference net "/SFP/I2C_{SFP}.SCL" (pins [R186.1 R360.2 U1.10]) -> [/SFP/I2C_{SFP}.SCL /SoM_IO/I2C_{SFP}.SCL]
we SPLIT reference net "/SFP/I2C_{SFP}.SDA" (pins [R185.1 R362.2 U1.11]) -> [/SFP/I2C_{SFP}.SDA /SoM_IO/I2C_{SFP}.SDA]
we SPLIT reference net "/SFP/SFI.RX+" (pins [C61.2 J1.D28]) -> [/SFP/SFI.RX+ /SoM_IO2/SFI.RX+]
we SPLIT reference net "/SFP/SFI.RX-" (pins [C65.2 J1.D29]) -> [/SFP/SFI.RX- /SoM_IO2/SFI.RX-]
we SPLIT reference net "/SFP/SFI.TX+" (pins [C57.2 J1.H28]) -> [/SFP/SFI.TX+ /SoM_IO2/SFI.TX+]
we SPLIT reference net "/SFP/SFI.TX-" (pins [C58.2 J1.H29]) -> [/SFP/SFI.TX- /SoM_IO2/SFI.TX-]
we SPLIT reference net "/SoM_IO/UART3_DEBUG.RX" (pins [R124.1 U5.16]) -> [/SoM_IO/UART3_DEBUG.RX /USB Debug, PD/UART3_DEBUG.RX]
we SPLIT reference net "/SoM_IO/UART3_DEBUG.TX" (pins [R123.1 U5.17]) -> [/SoM_IO/UART3_DEBUG.TX /USB Debug, PD/UART3_DEBUG.TX]
we SPLIT reference net "/SoM_IO2/DP0.AUX+" (pins [C322.2 R117.1 U33.24]) -> [/SoM_IO2/DP0.AUX+ /USB DP Alt mode/DP0.AUX+]
we SPLIT reference net "/SoM_IO2/DP0.AUX-" (pins [C323.2 R116.1 U33.25]) -> [/SoM_IO2/DP0.AUX- /USB DP Alt mode/DP0.AUX-]
we SPLIT reference net "/SoM_IO2/DP0.HPD" (pins [J1.K50 R118.1]) -> [/SoM_IO2/DP0.HPD /USB DP Alt mode/DP0.HPD]
we SPLIT reference net "/SoM_IO2/DP0.TX0+" (pins [C314.1 U33.9]) -> [/SoM_IO2/DP0.TX0+ /USB DP Alt mode/DP0.TX0+]
we SPLIT reference net "/SoM_IO2/DP0.TX0-" (pins [C315.1 U33.10]) -> [/SoM_IO2/DP0.TX0- /USB DP Alt mode/DP0.TX0-]
we SPLIT reference net "/SoM_IO2/DP0.TX1+" (pins [C316.1 U33.12]) -> [/SoM_IO2/DP0.TX1+ /USB DP Alt mode/DP0.TX1+]
we SPLIT reference net "/SoM_IO2/DP0.TX1-" (pins [C317.1 U33.13]) -> [/SoM_IO2/DP0.TX1- /USB DP Alt mode/DP0.TX1-]
we SPLIT reference net "/SoM_IO2/DP0.TX2+" (pins [C318.1 U33.15]) -> [/SoM_IO2/DP0.TX2+ /USB DP Alt mode/DP0.TX2+]
we SPLIT reference net "/SoM_IO2/DP0.TX2-" (pins [C319.1 U33.16]) -> [/SoM_IO2/DP0.TX2- /USB DP Alt mode/DP0.TX2-]
we SPLIT reference net "/SoM_IO2/DP0.TX3+" (pins [C320.1 U33.18]) -> [/SoM_IO2/DP0.TX3+ /USB DP Alt mode/DP0.TX3+]
we SPLIT reference net "/SoM_IO2/DP0.TX3-" (pins [C321.1 U33.19]) -> [/SoM_IO2/DP0.TX3- /USB DP Alt mode/DP0.TX3-]
we SPLIT reference net "/SoM_IO2/USB1.D+" (pins [J1.C11 J9.A6 J9.B6 U38.2 U38.9]) -> [/SoM_IO2/USB1.D+ /USB DP Alt mode/USB1.D+]
we SPLIT reference net "/SoM_IO2/USB1.D-" (pins [J1.C10 J9.A7 J9.B7 U38.1 U38.10]) -> [/SoM_IO2/USB1.D- /USB DP Alt mode/USB1.D-]
we SPLIT reference net "/SoM_IO2/USB2.D+" (pins [J1.A10 U21.89]) -> [/SoM_IO2/USB2.D+ /USB Hub/USB2.D+]
we SPLIT reference net "/SoM_IO2/USB2.D-" (pins [J1.A11 U21.90]) -> [/SoM_IO2/USB2.D- /USB Hub/USB2.D-]
we SPLIT reference net "/SoM_IO2/USBSS1.RX+" (pins [C127.1 J1.A22]) -> [/SoM_IO2/USBSS1.RX+ /USB DP Alt mode/USBSS1.RX+]
we SPLIT reference net "/SoM_IO2/USBSS1.RX-" (pins [C129.1 J1.A23]) -> [/SoM_IO2/USBSS1.RX- /USB DP Alt mode/USBSS1.RX-]
we SPLIT reference net "/SoM_IO2/USBSS1.TX+" (pins [C130.1 J1.J22]) -> [/SoM_IO2/USBSS1.TX+ /USB DP Alt mode/USBSS1.TX+]
we SPLIT reference net "/SoM_IO2/USBSS1.TX-" (pins [C128.1 J1.J23]) -> [/SoM_IO2/USBSS1.TX- /USB DP Alt mode/USBSS1.TX-]
we SPLIT reference net "/SoM_IO2/USBSS2.RX+" (pins [C253.1 J1.C23]) -> [/SoM_IO2/USBSS2.RX+ /USB Hub/USBSS2.RX+]
we SPLIT reference net "/SoM_IO2/USBSS2.RX-" (pins [C255.1 J1.C22]) -> [/SoM_IO2/USBSS2.RX- /USB Hub/USBSS2.RX-]
we SPLIT reference net "/SoM_IO2/USBSS2.TX+" (pins [C254.1 J1.G23]) -> [/SoM_IO2/USBSS2.TX+ /USB Hub/USBSS2.TX+]
we SPLIT reference net "/SoM_IO2/USBSS2.TX-" (pins [C256.1 J1.G22]) -> [/SoM_IO2/USBSS2.TX- /USB Hub/USBSS2.TX-]
we SPLIT reference net "/USB Debug, PD/SPI_{HUB_DEBUG}.MISO" (pins [R386.2 R88.2 U52.5]) -> [/USB Debug, PD/SPI_{HUB_DEBUG}.MISO /USB Hub/SPI_{HUB_DEBUG}.MISO]
we SPLIT reference net "/USB Debug, PD/SPI_{HUB_DEBUG}.MOSI" (pins [R101.2 R378.2 U52.2]) -> [/USB Debug, PD/SPI_{HUB_DEBUG}.MOSI /USB Hub/SPI_{HUB_DEBUG}.MOSI]
we SPLIT reference net "/USB Debug, PD/SPI_{HUB_DEBUG}.SCK" (pins [R385.2 R89.2 U52.6]) -> [/USB Debug, PD/SPI_{HUB_DEBUG}.SCK /USB Hub/SPI_{HUB_DEBUG}.SCK]
we SPLIT reference net "/USB Debug, PD/SPI_{HUB_DEBUG}.~{CS0}" (pins [R90.2 R99.2 U52.1]) -> [/USB Debug, PD/SPI_{HUB_DEBUG}.~{CS0} /USB Hub/SPI_{HUB_DEBUG}.~{CS0}]

## royalblue54L-feather
board does not read: sexpr: "("
